// Jest Snapshot v1, https://goo.gl/fbAQLP

exports[`<HouseholdNoteItem /> component matches the snapshot 1`] = `<!-- react-empty: 1 -->`;
